[     330ms] [LOG] [@inbot/auth] 🔧 Criando instância Keycloak: {url: https://keycloak.staging.e-auth.cloud, realm: stg-inprofile, clientId: app-admin} @ https://sandbox-inbot-aurora.vercel.app/assets/index-DIkvCTwo.js:47
[    1384ms] [LOG] [@inbot/auth] 🔧 Criando instância Keycloak: {url: https://keycloak.staging.e-auth.cloud, realm: stg-inprofile, clientId: app-admin} @ https://sandbox-inbot-aurora.vercel.app/assets/index-DIkvCTwo.js:47
[    1634ms] [ERROR] Access to fetch at 'https://keycloak.staging.e-auth.cloud/realms/stg-inprofile/protocol/openid-connect/token' from origin 'https://sandbox-inbot-aurora.vercel.app' has been blocked by CORS policy: No 'Access-Control-Allow-Origin' header is present on the requested resource. @ https://sandbox-inbot-aurora.vercel.app/colaboradores:0
[    1635ms] [ERROR] Failed to load resource: net::ERR_FAILED @ https://keycloak.staging.e-auth.cloud/realms/stg-inprofile/protocol/openid-connect/token:0
[    1635ms] [LOG] [InbotAuthProvider] 🔑 Keycloak evento: onAuthError @ https://sandbox-inbot-aurora.vercel.app/assets/index-DIkvCTwo.js:47
[    1635ms] [LOG] [InbotAuthProvider] 🔑 Keycloak evento: onInitError @ https://sandbox-inbot-aurora.vercel.app/assets/index-DIkvCTwo.js:47
[    1635ms] [ERROR] [InbotAuthProvider] ❌ Keycloak erro: TypeError: Failed to fetch
    at iz (https://sandbox-inbot-aurora.vercel.app/assets/index-DIkvCTwo.js:48:12571)
    at lc (https://sandbox-inbot-aurora.vercel.app/assets/index-DIkvCTwo.js:48:12503)
    at oz (https://sandbox-inbot-aurora.vercel.app/assets/index-DIkvCTwo.js:48:12170)
    at U8.$a (https://sandbox-inbot-aurora.vercel.app/assets/index-DIkvCTwo.js:48:6244)
    at U8.w2 (https://sandbox-inbot-aurora.vercel.app/assets/index-DIkvCTwo.js:48:651)
    at async U8.init (https://sandbox-inbot-aurora.vercel.app/assets/index-DIkvCTwo.js:40:61190) @ https://sandbox-inbot-aurora.vercel.app/assets/index-DIkvCTwo.js:47
[    1826ms] [ERROR] Access to fetch at 'https://aurora-api-sandbox.inbot.com.br/configuracoes' from origin 'https://sandbox-inbot-aurora.vercel.app' has been blocked by CORS policy: Response to preflight request doesn't pass access control check: No 'Access-Control-Allow-Origin' header is present on the requested resource. @ https://sandbox-inbot-aurora.vercel.app/colaboradores:0
[    1826ms] [ERROR] Failed to load resource: net::ERR_FAILED @ https://aurora-api-sandbox.inbot.com.br/configuracoes:0
[    1832ms] [ERROR] Access to fetch at 'https://aurora-api-sandbox.inbot.com.br/colaboradores' from origin 'https://sandbox-inbot-aurora.vercel.app' has been blocked by CORS policy: Response to preflight request doesn't pass access control check: No 'Access-Control-Allow-Origin' header is present on the requested resource. @ https://sandbox-inbot-aurora.vercel.app/colaboradores:0
[    1832ms] [ERROR] Failed to load resource: net::ERR_FAILED @ https://aurora-api-sandbox.inbot.com.br/colaboradores:0
[    3089ms] [ERROR] Access to fetch at 'https://aurora-api-sandbox.inbot.com.br/colaboradores' from origin 'https://sandbox-inbot-aurora.vercel.app' has been blocked by CORS policy: Response to preflight request doesn't pass access control check: No 'Access-Control-Allow-Origin' header is present on the requested resource. @ https://sandbox-inbot-aurora.vercel.app/colaboradores:0
[    3089ms] [ERROR] Failed to load resource: net::ERR_FAILED @ https://aurora-api-sandbox.inbot.com.br/colaboradores:0
[    3089ms] [ERROR] Access to fetch at 'https://aurora-api-sandbox.inbot.com.br/configuracoes' from origin 'https://sandbox-inbot-aurora.vercel.app' has been blocked by CORS policy: Response to preflight request doesn't pass access control check: No 'Access-Control-Allow-Origin' header is present on the requested resource. @ https://sandbox-inbot-aurora.vercel.app/colaboradores:0
[    3089ms] [ERROR] Failed to load resource: net::ERR_FAILED @ https://aurora-api-sandbox.inbot.com.br/configuracoes:0
[    5287ms] [ERROR] Access to fetch at 'https://aurora-api-sandbox.inbot.com.br/colaboradores' from origin 'https://sandbox-inbot-aurora.vercel.app' has been blocked by CORS policy: Response to preflight request doesn't pass access control check: No 'Access-Control-Allow-Origin' header is present on the requested resource. @ https://sandbox-inbot-aurora.vercel.app/colaboradores:0
[    5287ms] [ERROR] Failed to load resource: net::ERR_FAILED @ https://aurora-api-sandbox.inbot.com.br/colaboradores:0
[    5292ms] [ERROR] Access to fetch at 'https://aurora-api-sandbox.inbot.com.br/configuracoes' from origin 'https://sandbox-inbot-aurora.vercel.app' has been blocked by CORS policy: Response to preflight request doesn't pass access control check: No 'Access-Control-Allow-Origin' header is present on the requested resource. @ https://sandbox-inbot-aurora.vercel.app/colaboradores:0
[    5292ms] [ERROR] Failed to load resource: net::ERR_FAILED @ https://aurora-api-sandbox.inbot.com.br/configuracoes:0
[    9475ms] [ERROR] Access to fetch at 'https://aurora-api-sandbox.inbot.com.br/colaboradores' from origin 'https://sandbox-inbot-aurora.vercel.app' has been blocked by CORS policy: Response to preflight request doesn't pass access control check: No 'Access-Control-Allow-Origin' header is present on the requested resource. @ https://sandbox-inbot-aurora.vercel.app/colaboradores:0
[    9475ms] [ERROR] Failed to load resource: net::ERR_FAILED @ https://aurora-api-sandbox.inbot.com.br/colaboradores:0
[    9480ms] [ERROR] Access to fetch at 'https://aurora-api-sandbox.inbot.com.br/configuracoes' from origin 'https://sandbox-inbot-aurora.vercel.app' has been blocked by CORS policy: Response to preflight request doesn't pass access control check: No 'Access-Control-Allow-Origin' header is present on the requested resource. @ https://sandbox-inbot-aurora.vercel.app/colaboradores:0
[    9480ms] [ERROR] Failed to load resource: net::ERR_FAILED @ https://aurora-api-sandbox.inbot.com.br/configuracoes:0
