[     226ms] [ERROR] Failed to load resource: the server responded with a status of 401 () @ https://sandbox-inbot-aurora.vercel.app/:0
[    1258ms] [LOG] %c
▲

__  __                                     _            __
\ \/ /___  __  __   _________ _____       (_)_  _______/ /_
 \  / __ \/ / / /  / ___/ __ `/ __ \     / / / / / ___/ __/
 / / /_/ / /_/ /  / /__/ /_/ / / / /    / / /_/ (__  ) /_
/_/\____/\__,_/   \___/\__,_/_/ /_/  __/ /\__,_/____/\__/
         __    _          __  __    /___/
   _____/ /_  (_)___     / /_/ /_  (_)___  ____ ______
  / ___/ __ \/ / __ \   / __/ __ \/ / __ \/ __ `/ ___/
 (__  ) / / / / /_/ /  / /_/ / / / / / / / /_/ (__  )
/____/_/ /_/_/ .___/   \__/_/ /_/_/_/ /_/\__, /____/
            /_/                         /____/
  

Hello!

- Open Source https://vercel.com/oss
- Careers https://vercel.com/careers
- Status https://vercel-status.com

 font-family: "Geist Mono", monospace; white-space: pre; line-height: 1; @ https://vercel.com/_next/static/immutable/chunks/2ltm-shlkw-ie.js:78
[    2079ms] [WARNING] Deprecated API for given entry type. @ https://vercel.com/_next/static/immutable/chunks/0ff0fyh11d0bh.js:18
[    2229ms] [ERROR] Failed to load resource: the server responded with a status of 403 () @ https://vercel.com/api/jwt:0
[    2380ms] [WARNING] [GSI_LOGGER]: Your client application uses one of the Google One Tap prompt UI status methods that may stop functioning when FedCM becomes mandatory. Refer to the migration guide to update your code accordingly and opt-in to FedCM to test your changes. Learn more: https://developers.google.com/identity/gsi/web/guides/fedcm-migration?s=dc#display_moment and https://developers.google.com/identity/gsi/web/guides/fedcm-migration?s=dc#skipped_moment @ https://vercel.com/_next/static/immutable/chunks/0ff0fyh11d0bh.js:16
[    2383ms] [ERROR] Not signed in with the identity provider. @ https://vercel.com/login?next=%2Fsso-api%3Furl%3Dhttps%253A%252F%252Fsandbox-inbot-aurora.vercel.app%252F%26nonce%3Dd52a8450c5204920dc807ad86a54b8ed362cc3edf7128df999da8e95c92093ee:0
[    4957ms] [ERROR] [GSI_LOGGER]: FedCM get() rejects with AbortError: signal is aborted without reason @ https://vercel.com/_next/static/immutable/chunks/2qw75ntf5gsl3.js:1
[    5006ms] [ERROR] Failed to load resource: the server responded with a status of 429 () @ https://o205439.ingest.sentry.io/api/1323670/envelope/?sentry_key=d00780d432ac4ccf882f60dd02062e14&sentry_version=7&sentry_client=sentry.javascript.browser%2F7.111.0:0
[    8254ms] [WARNING] The resource https://vercel.com/_next/static/immutable/chunks/0b0fh44skdoya.css was preloaded using link preload but not used within a few seconds from the window's load event. Please make sure it has an appropriate `as` value and it is preloaded intentionally. @ https://vercel.com/login?next=%2Fsso-api%3Furl%3Dhttps%253A%252F%252Fsandbox-inbot-aurora.vercel.app%252F%26nonce%3Dd52a8450c5204920dc807ad86a54b8ed362cc3edf7128df999da8e95c92093ee:0
[    8254ms] [WARNING] The resource https://vercel.com/_next/static/immutable/media/ebay-dark.34mho2a18qqlt.svg was preloaded using link preload but not used within a few seconds from the window's load event. Please make sure it has an appropriate `as` value and it is preloaded intentionally. @ https://vercel.com/login?next=%2Fsso-api%3Furl%3Dhttps%253A%252F%252Fsandbox-inbot-aurora.vercel.app%252F%26nonce%3Dd52a8450c5204920dc807ad86a54b8ed362cc3edf7128df999da8e95c92093ee:0
[    8254ms] [WARNING] The resource https://vercel.com/_next/static/immutable/media/adobe-light.406_7oryl71va.svg was preloaded using link preload but not used within a few seconds from the window's load event. Please make sure it has an appropriate `as` value and it is preloaded intentionally. @ https://vercel.com/login?next=%2Fsso-api%3Furl%3Dhttps%253A%252F%252Fsandbox-inbot-aurora.vercel.app%252F%26nonce%3Dd52a8450c5204920dc807ad86a54b8ed362cc3edf7128df999da8e95c92093ee:0
[    8254ms] [WARNING] The resource https://vercel.com/_next/static/immutable/chunks/2tg0aq_fb5pl9.css was preloaded using link preload but not used within a few seconds from the window's load event. Please make sure it has an appropriate `as` value and it is preloaded intentionally. @ https://vercel.com/login?next=%2Fsso-api%3Furl%3Dhttps%253A%252F%252Fsandbox-inbot-aurora.vercel.app%252F%26nonce%3Dd52a8450c5204920dc807ad86a54b8ed362cc3edf7128df999da8e95c92093ee:0
[    8254ms] [WARNING] The resource https://vercel.com/_next/static/immutable/media/ebay-light.3ft_ki8203ov0.svg was preloaded using link preload but not used within a few seconds from the window's load event. Please make sure it has an appropriate `as` value and it is preloaded intentionally. @ https://vercel.com/login?next=%2Fsso-api%3Furl%3Dhttps%253A%252F%252Fsandbox-inbot-aurora.vercel.app%252F%26nonce%3Dd52a8450c5204920dc807ad86a54b8ed362cc3edf7128df999da8e95c92093ee:0
[    8254ms] [WARNING] The resource https://vercel.com/_next/static/immutable/media/adobe-dark.1yc1msmmj95aw.svg was preloaded using link preload but not used within a few seconds from the window's load event. Please make sure it has an appropriate `as` value and it is preloaded intentionally. @ https://vercel.com/login?next=%2Fsso-api%3Furl%3Dhttps%253A%252F%252Fsandbox-inbot-aurora.vercel.app%252F%26nonce%3Dd52a8450c5204920dc807ad86a54b8ed362cc3edf7128df999da8e95c92093ee:0
[    8254ms] [WARNING] The resource https://vercel.com/_next/static/immutable/media/stripe-light.2l_1jctpe6k_4.svg was preloaded using link preload but not used within a few seconds from the window's load event. Please make sure it has an appropriate `as` value and it is preloaded intentionally. @ https://vercel.com/login?next=%2Fsso-api%3Furl%3Dhttps%253A%252F%252Fsandbox-inbot-aurora.vercel.app%252F%26nonce%3Dd52a8450c5204920dc807ad86a54b8ed362cc3edf7128df999da8e95c92093ee:0
[    8254ms] [WARNING] The resource https://vercel.com/_next/static/immutable/media/stripe-dark.16ozjth2vgb_3.svg was preloaded using link preload but not used within a few seconds from the window's load event. Please make sure it has an appropriate `as` value and it is preloaded intentionally. @ https://vercel.com/login?next=%2Fsso-api%3Furl%3Dhttps%253A%252F%252Fsandbox-inbot-aurora.vercel.app%252F%26nonce%3Dd52a8450c5204920dc807ad86a54b8ed362cc3edf7128df999da8e95c92093ee:0
[   16170ms] [WARNING] The resource https://vercel.com/_next/static/immutable/chunks/0b0fh44skdoya.css was preloaded using link preload but not used within a few seconds from the window's load event. Please make sure it has an appropriate `as` value and it is preloaded intentionally. @ https://vercel.com/login?next=%2Fsso-api%3Furl%3Dhttps%253A%252F%252Fsandbox-inbot-aurora.vercel.app%252F%26nonce%3Dd52a8450c5204920dc807ad86a54b8ed362cc3edf7128df999da8e95c92093ee:0
[   16170ms] [WARNING] The resource https://vercel.com/_next/static/immutable/media/ebay-dark.34mho2a18qqlt.svg was preloaded using link preload but not used within a few seconds from the window's load event. Please make sure it has an appropriate `as` value and it is preloaded intentionally. @ https://vercel.com/login?next=%2Fsso-api%3Furl%3Dhttps%253A%252F%252Fsandbox-inbot-aurora.vercel.app%252F%26nonce%3Dd52a8450c5204920dc807ad86a54b8ed362cc3edf7128df999da8e95c92093ee:0
[   16170ms] [WARNING] The resource https://vercel.com/_next/static/immutable/media/adobe-light.406_7oryl71va.svg was preloaded using link preload but not used within a few seconds from the window's load event. Please make sure it has an appropriate `as` value and it is preloaded intentionally. @ https://vercel.com/login?next=%2Fsso-api%3Furl%3Dhttps%253A%252F%252Fsandbox-inbot-aurora.vercel.app%252F%26nonce%3Dd52a8450c5204920dc807ad86a54b8ed362cc3edf7128df999da8e95c92093ee:0
[   16170ms] [WARNING] The resource https://vercel.com/_next/static/immutable/chunks/2tg0aq_fb5pl9.css was preloaded using link preload but not used within a few seconds from the window's load event. Please make sure it has an appropriate `as` value and it is preloaded intentionally. @ https://vercel.com/login?next=%2Fsso-api%3Furl%3Dhttps%253A%252F%252Fsandbox-inbot-aurora.vercel.app%252F%26nonce%3Dd52a8450c5204920dc807ad86a54b8ed362cc3edf7128df999da8e95c92093ee:0
[   16170ms] [WARNING] The resource https://vercel.com/_next/static/immutable/media/ebay-light.3ft_ki8203ov0.svg was preloaded using link preload but not used within a few seconds from the window's load event. Please make sure it has an appropriate `as` value and it is preloaded intentionally. @ https://vercel.com/login?next=%2Fsso-api%3Furl%3Dhttps%253A%252F%252Fsandbox-inbot-aurora.vercel.app%252F%26nonce%3Dd52a8450c5204920dc807ad86a54b8ed362cc3edf7128df999da8e95c92093ee:0
[   16170ms] [WARNING] The resource https://vercel.com/_next/static/immutable/media/adobe-dark.1yc1msmmj95aw.svg was preloaded using link preload but not used within a few seconds from the window's load event. Please make sure it has an appropriate `as` value and it is preloaded intentionally. @ https://vercel.com/login?next=%2Fsso-api%3Furl%3Dhttps%253A%252F%252Fsandbox-inbot-aurora.vercel.app%252F%26nonce%3Dd52a8450c5204920dc807ad86a54b8ed362cc3edf7128df999da8e95c92093ee:0
[   16170ms] [WARNING] The resource https://vercel.com/_next/static/immutable/media/stripe-light.2l_1jctpe6k_4.svg was preloaded using link preload but not used within a few seconds from the window's load event. Please make sure it has an appropriate `as` value and it is preloaded intentionally. @ https://vercel.com/login?next=%2Fsso-api%3Furl%3Dhttps%253A%252F%252Fsandbox-inbot-aurora.vercel.app%252F%26nonce%3Dd52a8450c5204920dc807ad86a54b8ed362cc3edf7128df999da8e95c92093ee:0
[   16170ms] [WARNING] The resource https://vercel.com/_next/static/immutable/media/stripe-dark.16ozjth2vgb_3.svg was preloaded using link preload but not used within a few seconds from the window's load event. Please make sure it has an appropriate `as` value and it is preloaded intentionally. @ https://vercel.com/login?next=%2Fsso-api%3Furl%3Dhttps%253A%252F%252Fsandbox-inbot-aurora.vercel.app%252F%26nonce%3Dd52a8450c5204920dc807ad86a54b8ed362cc3edf7128df999da8e95c92093ee:0
[   28964ms] [LOG] [@inbot/auth] 🔧 Criando instância Keycloak: {url: https://keycloak.staging.e-auth.cloud, realm: stg-inprofile, clientId: app-admin} @ https://sandbox-inbot-aurora.vercel.app/assets/index-COgKjxPb.js:47
[   41340ms] [INFO] BSSO Telemetry: {"result":"Error","error":"NoExtension","type":"ChromeSsoTelemetry","data":{},"traces":["BrowserSSO Initialized","Creating ChromeBrowserCore provider","Sending message for method CreateProviderAsync","Received message for method CreateProviderAsync","Error: ChromeBrowserCore error NoExtension: Extension is not installed."]} @ https://aadcdn.msftauth.net/shared/1.0/content/js/BssoInterrupt_Core_9GPLBwek-swGv_tRKLyCgw2.js:17
[   41519ms] [ERROR] Failed to load resource: the server responded with a status of 404 () @ https://login.microsoftonline.com/favicon.ico:0
[   42142ms] [VERBOSE] [DOM] Input elements should have autocomplete attributes (suggested: "current-password"): (More info: https://goo.gl/9p2vKq) %o @ https://login.microsoftonline.com/761914d0-6448-4027-ba37-4d1f8e246a42/oauth2/v2.0/authorize?scope=User.read&state=lZBqN0MYJN4k1FMPfvCrT6o4AdTdo5mNTDHJ_CChipE.posVHuYAYVY.yrLdxab_Tom1dr1dSaXZ9g.eyJydSI6Imh0dHBzOi8vc2FuZGJveC1pbmJvdC1hdXJvcmEudmVyY2VsLmFwcC8iLCJydCI6ImNvZGUiLCJybSI6ImZyYWdtZW50Iiwic3QiOiIzMDlkZTcwZC1jYzU1LTQ1NjktYjJlNy1jOTVmMTg1MTUzY2YifQ&response_type=code&client_id=20cf4d95-da43-4905-ac11-d438ffb5be28&redirect_uri=https%3A%2F%2Fkeycloak.staging.e-auth.cloud%2Frealms%2Fstg-inprofile%2Fbroker%2Finbot%2Fendpoint&sso_reload=true:0
[   55133ms] [VERBOSE] [DOM] Input elements should have autocomplete attributes (suggested: "username"): (More info: https://goo.gl/9p2vKq) %o @ https://login.microsoftonline.com/761914d0-6448-4027-ba37-4d1f8e246a42/oauth2/v2.0/authorize?scope=User.read&state=lZBqN0MYJN4k1FMPfvCrT6o4AdTdo5mNTDHJ_CChipE.posVHuYAYVY.yrLdxab_Tom1dr1dSaXZ9g.eyJydSI6Imh0dHBzOi8vc2FuZGJveC1pbmJvdC1hdXJvcmEudmVyY2VsLmFwcC8iLCJydCI6ImNvZGUiLCJybSI6ImZyYWdtZW50Iiwic3QiOiIzMDlkZTcwZC1jYzU1LTQ1NjktYjJlNy1jOTVmMTg1MTUzY2YifQ&response_type=code&client_id=20cf4d95-da43-4905-ac11-d438ffb5be28&redirect_uri=https%3A%2F%2Fkeycloak.staging.e-auth.cloud%2Frealms%2Fstg-inprofile%2Fbroker%2Finbot%2Fendpoint&sso_reload=true:0
[   80577ms] [LOG] [@inbot/auth] 🔧 Criando instância Keycloak: {url: https://keycloak.staging.e-auth.cloud, realm: stg-inprofile, clientId: app-admin} @ https://sandbox-inbot-aurora.vercel.app/assets/index-COgKjxPb.js:47
[   81390ms] [ERROR] Access to fetch at 'https://keycloak.staging.e-auth.cloud/realms/stg-inprofile/protocol/openid-connect/token' from origin 'https://sandbox-inbot-aurora.vercel.app' has been blocked by CORS policy: No 'Access-Control-Allow-Origin' header is present on the requested resource. @ https://sandbox-inbot-aurora.vercel.app/:0
[   81390ms] [ERROR] Failed to load resource: net::ERR_FAILED @ https://keycloak.staging.e-auth.cloud/realms/stg-inprofile/protocol/openid-connect/token:0
[   81391ms] [LOG] [InbotAuthProvider] 🔑 Keycloak evento: onAuthError @ https://sandbox-inbot-aurora.vercel.app/assets/index-COgKjxPb.js:47
[   81391ms] [LOG] [InbotAuthProvider] 🔑 Keycloak evento: onInitError @ https://sandbox-inbot-aurora.vercel.app/assets/index-COgKjxPb.js:47
[   81391ms] [ERROR] [InbotAuthProvider] ❌ Keycloak erro: TypeError: Failed to fetch
    at D8 (https://sandbox-inbot-aurora.vercel.app/assets/index-COgKjxPb.js:48:12571)
    at rc (https://sandbox-inbot-aurora.vercel.app/assets/index-COgKjxPb.js:48:12503)
    at R8 (https://sandbox-inbot-aurora.vercel.app/assets/index-COgKjxPb.js:48:12170)
    at x8.Ma (https://sandbox-inbot-aurora.vercel.app/assets/index-COgKjxPb.js:48:6244)
    at x8.h2 (https://sandbox-inbot-aurora.vercel.app/assets/index-COgKjxPb.js:48:651)
    at async x8.init (https://sandbox-inbot-aurora.vercel.app/assets/index-COgKjxPb.js:40:61190) @ https://sandbox-inbot-aurora.vercel.app/assets/index-COgKjxPb.js:47
