[     204ms] [LOG] %c
▲

__  __                                     _            __
\ \/ /___  __  __   _________ _____       (_)_  _______/ /_
 \  / __ \/ / / /  / ___/ __ `/ __ \     / / / / / ___/ __/
 / / /_/ / /_/ /  / /__/ /_/ / / / /    / / /_/ (__  ) /_
/_/\____/\__,_/   \___/\__,_/_/ /_/  __/ /\__,_/____/\__/
         __    _          __  __    /___/
   _____/ /_  (_)___     / /_/ /_  (_)___  ____ ______
  / ___/ __ \/ / __ \   / __/ __ \/ / __ \/ __ `/ ___/
 (__  ) / / / / /_/ /  / /_/ / / / / / / / /_/ (__  )
/____/_/ /_/_/ .___/   \__/_/ /_/_/_/ /_/\__, /____/
            /_/                         /____/
  

Hello!

- Open Source https://vercel.com/oss
- Careers https://vercel.com/careers
- Status https://vercel-status.com

 font-family: "Geist Mono", monospace; white-space: pre; line-height: 1; @ https://vercel.com/_next/static/immutable/chunks/2ltm-shlkw-ie.js:78
[     708ms] [WARNING] iso_swr: SSR fetch failed for "/v1/dashboard/projects/sandbox-inbot-aurora?teamId=renatos-projects-790a8951" {error: iso_swr_fetch_error, message: Project not found} @ https://vercel.com/renatos-projects-790a8951/sandbox-inbot-aurora/settings/deployment-protection:543
[     746ms] [WARNING] iso_swr: SSR fetch failed for "/api/v9/projects/sandbox-inbot-aurora?latestDeployments=0&rollbackInfo=true&teamId=renatos-projects-790a8951" {error: iso_swr_fetch_error, message: Project not found.} @ https://vercel.com/renatos-projects-790a8951/sandbox-inbot-aurora/settings/deployment-protection:581
[    1140ms] [WARNING] iso_swr[warn] [client] fallback error for key: "/v1/dashboard/projects/sandbox-inbot-aurora?teamId=renatos-projects-790a8951" {error: iso_swr_fetch_error, message: Project not found} @ https://vercel.com/_next/static/immutable/chunks/15dgetjo2c04l.js:2
[    1145ms] [WARNING] iso_swr[warn] [client] fallback error for key: "/api/v9/projects/sandbox-inbot-aurora?latestDeployments=0&rollbackInfo=true&teamId=renatos-projects-790a8951" {error: iso_swr_fetch_error, message: Project not found.} @ https://vercel.com/_next/static/immutable/chunks/15dgetjo2c04l.js:2
[    1404ms] [ERROR] Failed to load resource: the server responded with a status of 404 () @ https://vercel.com/api/v1/dashboard/projects/sandbox-inbot-aurora?teamId=renatos-projects-790a8951:0
[    1460ms] [WARNING] Deprecated API for given entry type. @ https://vercel.com/_next/static/immutable/chunks/0ff0fyh11d0bh.js:18
[    1715ms] [ERROR] Failed to load resource: the server responded with a status of 404 () @ https://vercel.com/api/v9/projects/sandbox-inbot-aurora?latestDeployments=0&rollbackInfo=true&teamId=renatos-projects-790a8951:0
[    1716ms] [LOG] Ignored request error CustomFetchError: Project not found.
    at g (https://vercel.com/_next/static/immutable/chunks/3hzo5_gceboe2.js:2:37547)
    at async https://vercel.com/_next/static/immutable/chunks/2mx6hvb-r9zp_.js:2:12185 @ https://vercel.com/_next/static/immutable/chunks/0ff0fyh11d0bh.js:16
[    1717ms] [ERROR] Failed to load resource: the server responded with a status of 404 () @ https://vercel.com/api/chat/6CFDFj4dfn9lKjHS/stream:0
[    1717ms] [WARNING] [omniagent] chat stream failed Error: {"error":{"code":"not_found","message":"The requested API endpoint was not found."}}
    at oS.reconnectToStream (https://vercel.com/_next/static/immutable/chunks/0jjs0bfulue71.js:38:48063)
    at async ae.makeRequest (https://vercel.com/_next/static/immutable/chunks/0jjs0bfulue71.js:23:47520)
    at async ae.resumeStream (https://vercel.com/_next/static/immutable/chunks/0jjs0bfulue71.js:23:44598) @ https://vercel.com/_next/static/immutable/chunks/0ff0fyh11d0bh.js:16
[    1999ms] [ERROR] Failed to load resource: the server responded with a status of 404 () @ https://vercel.com/api/user/permissions?projectIdOrName=sandbox-inbot-aurora&slug=renatos-projects-790a8951:0
[    2000ms] [LOG] Ignored request error CustomFetchError: The specified project does not exist or you do not have access.
    at g (https://vercel.com/_next/static/immutable/chunks/3hzo5_gceboe2.js:2:37547)
    at async https://vercel.com/_next/static/immutable/chunks/2mx6hvb-r9zp_.js:2:12185 @ https://vercel.com/_next/static/immutable/chunks/0ff0fyh11d0bh.js:16
[    5276ms] [WARNING] The resource https://vercel.com/_next/static/immutable/chunks/3d792zqltro0t.css was preloaded using link preload but not used within a few seconds from the window's load event. Please make sure it has an appropriate `as` value and it is preloaded intentionally. @ https://vercel.com/renatos-projects-790a8951/sandbox-inbot-aurora/settings/deployment-protection:0
