[     614ms] [LOG] %c
▲

 _____ _              _                    _   _             __
|_   _| |__   ___    / \   __ _  ___ _ __ | |_(_) ___       / /
  | | | '_ \ / _ \  / _ \ / _` |/ _ \ '_ \| __| |/ __|     / /
  | | | | | |  __/ / ___ \ (_| |  __/ | | | |_| | (__     /_/
  |_| |_| |_|\___|/_/   \_\__, |\___|_| |_|\__|_|\___|    (_)
                           |___/
 ___        __               _                   _                 _
|_ _|_ __  / _|_ __ __ _ ___| |_ _ __ _   _  ___| |_ _   _ _ __ ___
 | || '_ \| |_| '__/ _` / __| __| '__| | | |/ __| __| | | | '__/ _ \
 | || | | |  _| | | (_| \__ \ |_| |  | |_| | (__| |_| |_| | | |  __/
|___|_| |_|_| |_|  \__,_|___/\__|_|   \__,_|\___|\__|\__,_|_|  \___|
  

Hello!

- Open Source https://vercel.com/oss
- Careers https://vercel.com/careers
- Status https://vercel-status.com

 font-family: "Geist Mono", monospace; white-space: pre; line-height: 1; @ https://vercel.com/_next/static/immutable/chunks/2ltm-shlkw-ie.js:78
[    1971ms] [ERROR] Failed to load resource: the server responded with a status of 404 () @ https://vercel.com/api/chat/UcarYUb54PH7s4ac/stream:0
[    2012ms] [WARNING] [omniagent] chat stream failed Error: {"error":{"code":"not_found","message":"The requested API endpoint was not found."}}
    at oS.reconnectToStream (https://vercel.com/_next/static/immutable/chunks/0jjs0bfulue71.js:38:48063)
    at async ae.makeRequest (https://vercel.com/_next/static/immutable/chunks/0jjs0bfulue71.js:23:47520)
    at async ae.resumeStream (https://vercel.com/_next/static/immutable/chunks/0jjs0bfulue71.js:23:44598) @ https://vercel.com/_next/static/immutable/chunks/2gn9yjd97k_d9.js:1
[    2608ms] [WARNING] Deprecated API for given entry type. @ https://vercel.com/_next/static/immutable/chunks/0ff0fyh11d0bh.js:18
[    6857ms] [WARNING] The resource https://vercel.com/_next/static/immutable/media/caa3a2e1cccd8315.p.0wgildi0cnwt9.woff2 was preloaded using link preload but not used within a few seconds from the window's load event. Please make sure it has an appropriate `as` value and it is preloaded intentionally. @ https://vercel.com/renatos-projects-790a8951:0
[    6857ms] [WARNING] The resource https://vercel.com/_next/static/immutable/chunks/2-8cglo6veqyp.css was preloaded using link preload but not used within a few seconds from the window's load event. Please make sure it has an appropriate `as` value and it is preloaded intentionally. @ https://vercel.com/renatos-projects-790a8951:0
[    6857ms] [WARNING] The resource https://vercel.com/_next/static/immutable/chunks/0v7tccxaltztg.css was preloaded using link preload but not used within a few seconds from the window's load event. Please make sure it has an appropriate `as` value and it is preloaded intentionally. @ https://vercel.com/renatos-projects-790a8951:0
[    6857ms] [WARNING] The resource https://vercel.com/_next/static/immutable/chunks/37gxv99vf68l-.css was preloaded using link preload but not used within a few seconds from the window's load event. Please make sure it has an appropriate `as` value and it is preloaded intentionally. @ https://vercel.com/renatos-projects-790a8951:0
[    6857ms] [WARNING] The resource https://vercel.com/_next/static/immutable/chunks/075vpnu2qiws7.css was preloaded using link preload but not used within a few seconds from the window's load event. Please make sure it has an appropriate `as` value and it is preloaded intentionally. @ https://vercel.com/renatos-projects-790a8951:0
[    6857ms] [WARNING] The resource https://vercel.com/_next/static/immutable/chunks/3j7d6ld0gjv-a.css was preloaded using link preload but not used within a few seconds from the window's load event. Please make sure it has an appropriate `as` value and it is preloaded intentionally. @ https://vercel.com/renatos-projects-790a8951:0
[    6857ms] [WARNING] The resource https://vercel.com/_next/static/immutable/chunks/1s8i1hmwllduj.css was preloaded using link preload but not used within a few seconds from the window's load event. Please make sure it has an appropriate `as` value and it is preloaded intentionally. @ https://vercel.com/renatos-projects-790a8951:0
[    6857ms] [WARNING] The resource https://vercel.com/_next/static/immutable/media/GeistMono_Variable.p.1bcgm0qa26ixg.woff2 was preloaded using link preload but not used within a few seconds from the window's load event. Please make sure it has an appropriate `as` value and it is preloaded intentionally. @ https://vercel.com/renatos-projects-790a8951:0
[    6857ms] [WARNING] The resource https://vercel.com/_next/static/immutable/chunks/418x8shmvbvvp.css was preloaded using link preload but not used within a few seconds from the window's load event. Please make sure it has an appropriate `as` value and it is preloaded intentionally. @ https://vercel.com/renatos-projects-790a8951:0
[    6857ms] [WARNING] The resource https://vercel.com/_next/static/immutable/chunks/23c83_-mawuyn.css was preloaded using link preload but not used within a few seconds from the window's load event. Please make sure it has an appropriate `as` value and it is preloaded intentionally. @ https://vercel.com/renatos-projects-790a8951:0
[    6857ms] [WARNING] The resource https://vercel.com/_next/static/immutable/chunks/40i4e3n511dd8.css was preloaded using link preload but not used within a few seconds from the window's load event. Please make sure it has an appropriate `as` value and it is preloaded intentionally. @ https://vercel.com/renatos-projects-790a8951:0
[    6857ms] [WARNING] The resource https://vercel.com/_next/static/immutable/chunks/1tiefx_0-i8d9.css was preloaded using link preload but not used within a few seconds from the window's load event. Please make sure it has an appropriate `as` value and it is preloaded intentionally. @ https://vercel.com/renatos-projects-790a8951:0
[   15644ms] [WARNING] The resource https://vercel.com/_next/static/immutable/media/caa3a2e1cccd8315.p.0wgildi0cnwt9.woff2 was preloaded using link preload but not used within a few seconds from the window's load event. Please make sure it has an appropriate `as` value and it is preloaded intentionally. @ https://vercel.com/renatos-projects-790a8951:0
[   15644ms] [WARNING] The resource https://vercel.com/_next/static/immutable/chunks/2-8cglo6veqyp.css was preloaded using link preload but not used within a few seconds from the window's load event. Please make sure it has an appropriate `as` value and it is preloaded intentionally. @ https://vercel.com/renatos-projects-790a8951:0
[   15644ms] [WARNING] The resource https://vercel.com/_next/static/immutable/chunks/0v7tccxaltztg.css was preloaded using link preload but not used within a few seconds from the window's load event. Please make sure it has an appropriate `as` value and it is preloaded intentionally. @ https://vercel.com/renatos-projects-790a8951:0
[   15644ms] [WARNING] The resource https://vercel.com/_next/static/immutable/chunks/37gxv99vf68l-.css was preloaded using link preload but not used within a few seconds from the window's load event. Please make sure it has an appropriate `as` value and it is preloaded intentionally. @ https://vercel.com/renatos-projects-790a8951:0
[   15644ms] [WARNING] The resource https://vercel.com/_next/static/immutable/chunks/075vpnu2qiws7.css was preloaded using link preload but not used within a few seconds from the window's load event. Please make sure it has an appropriate `as` value and it is preloaded intentionally. @ https://vercel.com/renatos-projects-790a8951:0
[   15644ms] [WARNING] The resource https://vercel.com/_next/static/immutable/chunks/3j7d6ld0gjv-a.css was preloaded using link preload but not used within a few seconds from the window's load event. Please make sure it has an appropriate `as` value and it is preloaded intentionally. @ https://vercel.com/renatos-projects-790a8951:0
[   15644ms] [WARNING] The resource https://vercel.com/_next/static/immutable/chunks/1s8i1hmwllduj.css was preloaded using link preload but not used within a few seconds from the window's load event. Please make sure it has an appropriate `as` value and it is preloaded intentionally. @ https://vercel.com/renatos-projects-790a8951:0
[   15644ms] [WARNING] The resource https://vercel.com/_next/static/immutable/media/GeistMono_Variable.p.1bcgm0qa26ixg.woff2 was preloaded using link preload but not used within a few seconds from the window's load event. Please make sure it has an appropriate `as` value and it is preloaded intentionally. @ https://vercel.com/renatos-projects-790a8951:0
[   15644ms] [WARNING] The resource https://vercel.com/_next/static/immutable/chunks/418x8shmvbvvp.css was preloaded using link preload but not used within a few seconds from the window's load event. Please make sure it has an appropriate `as` value and it is preloaded intentionally. @ https://vercel.com/renatos-projects-790a8951:0
[   15644ms] [WARNING] The resource https://vercel.com/_next/static/immutable/chunks/23c83_-mawuyn.css was preloaded using link preload but not used within a few seconds from the window's load event. Please make sure it has an appropriate `as` value and it is preloaded intentionally. @ https://vercel.com/renatos-projects-790a8951:0
[   15644ms] [WARNING] The resource https://vercel.com/_next/static/immutable/chunks/40i4e3n511dd8.css was preloaded using link preload but not used within a few seconds from the window's load event. Please make sure it has an appropriate `as` value and it is preloaded intentionally. @ https://vercel.com/renatos-projects-790a8951:0
[   15644ms] [WARNING] The resource https://vercel.com/_next/static/immutable/chunks/1tiefx_0-i8d9.css was preloaded using link preload but not used within a few seconds from the window's load event. Please make sure it has an appropriate `as` value and it is preloaded intentionally. @ https://vercel.com/renatos-projects-790a8951:0
